============================= test session starts =============================
platform win32 -- Python 3.13.15, pytest-9.1.1, pluggy-1.6.0 -- C:\Users\rishi\AppData\Local\Programs\Python\Python313\python.exe
cachedir: .pytest_cache
rootdir: C:\Users\rishi\hermus-agent-free
configfile: pytest.ini
plugins: anyio-4.15.1, asyncio-1.4.0, cov-7.1.0
asyncio: mode=Mode.STRICT, debug=False, asyncio_default_fixture_loop_scope=None, asyncio_default_test_loop_scope=function
collecting ... collected 1 item

